// Jest Snapshot v1, https://goo.gl/fbAQLP

exports[`Home renders homepage unchanged 1`] = `
<div>
  <span
    aria-hidden="true"
    class="nextui-c-gNVTSf nextui-c-gNVTSf-hakyQ-inline-false nextui-c-gNVTSf-igvLppd-css"
  />
  <div
    class="nextui-c-kRHeuF nextui-c-kRHeuF-ihLgHeV-css nextui-grid-item nextui-grid-container"
  >
    <h1
      align-items="center"
      class="nextui-c-PJLV nextui-c-PJLV-ijnlmIz-css"
    >
      Welcome to the tracking site.
    </h1>
  </div>
</div>
`;
